// Jest Snapshot v1, https://goo.gl/fbAQLP

exports[`App container Matches snapshot 1`] = `ShallowWrapper {}`;
