// Jest Snapshot v1, https://goo.gl/fbAQLP

exports[`ColumnsChart component Matches snapshot 1`] = `ShallowWrapper {}`;
